{
  "name": "someFile.csv",
  "success": true,
  "errorMsg": "",
  "detectedTransactions": [
    {
      "id": "640de685a21bd759f1621cd4",
      "userId": "someUser",
      "details": {
        "date": "2023-02-17",
        "clientName": "VISA Some Company GMBH",
        "bookingType": "Lastschrift",
        "purpose": "Payed for the best food",
        "transactionAmount": -50.0
      }
    },
    {
      "id": "640de685a21bd759f1621cd5",
      "userId": "someUser",
      "details": {
        "date": "2023-02-16",
        "clientName": "Other Comany",
        "bookingType": "Ãœberweisung",
        "purpose": "Some custom usage",
        "transactionAmount": -1.0
      }
    },
    {
      "id": "640de685a21bd759f1621cd6",
      "userId": "someUser",
      "details": {
        "date": "2023-02-16",
        "clientName": "Some food company",
        "bookingType": "Lastschrift",
        "purpose": "Google Pay",
        "transactionAmount": -10.87
      }
    },
    {
      "id": "640de685a21bd759f1621cd7",
      "userId": "someUser",
      "details": {
        "date": "2023-02-15",
        "clientName": "Grandma",
        "bookingType": "Gutschrift",
        "purpose": "Support grandchildren",
        "transactionAmount": 28.91
      }
    },
    {
      "id": "640de685a21bd759f1621cd8",
      "userId": "someUser",
      "details": {
        "date": "2023-02-02",
        "clientName": "ING",
        "bookingType": "Entgelt",
        "purpose": "Money for giroCard",
        "transactionAmount": -0.99
      }
    },
    {
      "id": "640de685a21bd759f1621cd9",
      "userId": "someUser",
      "details": {
        "date": "2023-02-01",
        "clientName": "Roommate",
        "bookingType": "Gutschrift aus Dauerauftrag",
        "purpose": "Anteil Miete",
        "transactionAmount": 100.0
      }
    },
    {
      "id": "640de685a21bd759f1621cda",
      "userId": "someUser",
      "details": {
        "date": "2023-02-01",
        "clientName": "Some random Person",
        "bookingType": "Dauerauftrag / Terminueberweisung",
        "purpose": "Rent",
        "transactionAmount": -1000.0
      }
    },
    {
      "id": "640de685a21bd759f1621cdb",
      "userId": "someUser",
      "details": {
        "date": "2023-01-31",
        "clientName": "The uncreative company",
        "bookingType": "Lastschrift",
        "purpose": "Some text",
        "transactionAmount": -5.55
      }
    },
    {
      "id": "640de685a21bd759f1621cdc",
      "userId": "someUser",
      "details": {
        "date": "2023-01-26",
        "clientName": "Saving Company",
        "bookingType": "Dauerauftrag / Terminueberweisung",
        "purpose": "Shut up and take my money",
        "transactionAmount": -100.0
      }
    },
    {
      "id": "640de685a21bd759f1621cdd",
      "userId": "someUser",
      "details": {
        "date": "2023-01-24",
        "clientName": "Best company",
        "bookingType": "Gehalt/Rente",
        "purpose": "Lohn",
        "transactionAmount": 4001.93
      }
    }
  ]
}